Solving scramble01...
Loaded PDB: corner.pdb
Loaded PDB: edge1.pdb
Loaded PDB: edge2.pdb
Start Cube State:
CP: [1, 0, 5, 3, 4, 2, 6, 7]
CO: [0, 2, 2, 0, 0, 2, 0, 0]
EP: [1, 5, 2, 3, 4, 0, 6, 7, 8, 9, 10, 11]
EO: [0, 0, 0, 0, 0, 0, 0, 0, 0, 0, 0, 0]
Searching with threshold: 12
Solution written to testcases/solution01.txt
Initial State:
   OOG
   OOW
   OOW
YGGWWRBBOYBB
GGGWWOYBBYYY
GGGWWWOBBYYY
   RRB
   RRR
   RRR

Applying solution: U R U U U R R R
VERIFICATION PASSED: Cube is solved.
Solving scramble02...
Loaded PDB: corner.pdb
Loaded PDB: edge1.pdb
Loaded PDB: edge2.pdb
Start Cube State:
CP: [1, 6, 5, 2, 3, 4, 7, 0]
CO: [1, 2, 1, 2, 1, 2, 1, 2]
EP: [6, 1, 5, 3, 2, 8, 10, 0, 4, 9, 7, 11]
EO: [1, 0, 1, 0, 1, 1, 1, 1, 1, 0, 1, 0]
Searching with threshold: 6
Solution written to testcases/solution02.txt
Initial State:
   BBB
   OOO
   BBB
OGOWWWRBRYYY
OGOWWWRBRYYY
OGOWWWRBRYYY
   GGG
   RRR
   GGG

Applying solution: F B B B
VERIFICATION PASSED: Cube is solved.
Solving scramble03...
Loaded PDB: corner.pdb
Loaded PDB: edge1.pdb
Loaded PDB: edge2.pdb
Start Cube State:
CP: [2, 3, 1, 6, 5, 0, 4, 7]
CO: [1, 1, 2, 0, 1, 0, 1, 0]
EP: [1, 4, 9, 2, 8, 6, 3, 7, 5, 0, 10, 11]
EO: [0, 1, 0, 1, 1, 0, 0, 0, 1, 0, 0, 0]
Searching with threshold: 18
Solution written to testcases/solution03.txt
Initial State:
   WOG
   WOG
   RRY
OOYBBOBWWOBB
GGRWWYBBGOYY
GGRWWGYYRGYY
   BBO
   RRO
   RRW

Applying solution: U U U R R R U U U R R R U U U F F F
VERIFICATION PASSED: Cube is solved.
Solving scramble04...
Loaded PDB: corner.pdb
Loaded PDB: edge1.pdb
Loaded PDB: edge2.pdb
Start Cube State:
CP: [0, 1, 2, 3, 4, 5, 6, 7]
CO: [0, 0, 0, 0, 0, 0, 0, 0]
EP: [0, 1, 2, 3, 4, 5, 6, 7, 8, 9, 10, 11]
EO: [0, 1, 0, 1, 1, 1, 1, 1, 0, 1, 0, 1]
Searching with threshold: 24
Searching with threshold: 25
Solution written to testcases/solution04.txt
Initial State:
   OOO
   GOB
   OOO
GOGWWWBOBYYY
YGWGWBWBYBYG
GRGWWWBRBYYY
   RRR
   GRB
   RRR

Applying solution: L R U D D D R R F F D D F B R R U U F F U U U D F F U U
VERIFICATION PASSED: Cube is solved.
Solving scramble05...
Loaded PDB: corner.pdb
Loaded PDB: edge1.pdb
Loaded PDB: edge2.pdb
Start Cube State:
CP: [2, 5, 6, 0, 7, 4, 3, 1]
CO: [2, 0, 0, 1, 1, 1, 1, 0]
EP: [8, 2, 10, 3, 1, 11, 5, 0, 4, 7, 6, 9]
EO: [0, 0, 0, 0, 1, 0, 1, 1, 0, 0, 1, 0]
Searching with threshold: 24
Searching with threshold: 25
Searching with threshold: 26
Searching with threshold: 27
Searching with threshold: 28
Solution written to testcases/solution05.txt
Initial State:
   BRR
   OOO
   YRR
WGGOYYBWBWWO
OGOBWRGBWBYY
BBRYGRGGOWYY
   GWW
   RRY
   OBG

Applying solution: D D L D L U U D R R R B B B U U F F B B D D D L L U U U D F B B U U D D F F B B
VERIFICATION PASSED: Cube is solved.
Solving scramble06...
Loaded PDB: corner.pdb
Loaded PDB: edge1.pdb
Loaded PDB: edge2.pdb
Start Cube State:
CP: [3, 6, 5, 7, 2, 1, 4, 0]
CO: [0, 2, 0, 2, 2, 0, 0, 0]
EP: [1, 9, 6, 8, 10, 0, 3, 2, 7, 5, 4, 11]
EO: [0, 1, 0, 1, 1, 1, 1, 0, 1, 1, 0, 1]
Searching with threshold: 27
Searching with threshold: 28
Searching with threshold: 29
Searching with threshold: 30
Searching with threshold: 31
Solution written to testcases/solution06.txt
Initial State:
   OOB
   WOB
   YYR
WRRGBBWRRYBG
WGRYWYOBOGYO
YRWOYYBWGWGG
   BGO
   GRB
   OWR

Applying solution: U U L L L U F F D R B B B U U F D D D F U D B U U U L L L R R B L L U U D D L L R R U U D D
VERIFICATION PASSED: Cube is solved.
Solving scramble07...
Loaded PDB: corner.pdb
Loaded PDB: edge1.pdb
Loaded PDB: edge2.pdb
Start Cube State:
CP: [7, 3, 5, 4, 1, 0, 2, 6]
CO: [2, 2, 0, 1, 1, 1, 2, 0]
EP: [3, 11, 2, 9, 1, 8, 5, 7, 10, 4, 6, 0]
EO: [1, 0, 1, 0, 1, 0, 0, 1, 0, 0, 1, 1]
Searching with threshold: 24
Searching with threshold: 25
Searching with threshold: 26
Searching with threshold: 27
Searching with threshold: 28
Searching with threshold: 29
Searching with threshold: 30
Solution written to testcases/solution07.txt
Initial State:
   YGW
   ROR
   WWR
GBGROBWGOGOR
YGOBWRWBBWYG
YOOYYOGGWOYB
   BRY
   YRW
   RBB

Applying solution: Timeout
VERIFICATION FAILED: Cube is NOT solved.
Final State:
   YGW
   ROR
   WWR
GBGROBWGOGOR
YGOBWRWBBWYG
YOOYYOGGWOYB
   BRY
   YRW
   RBB

Solving scramble08...
Loaded PDB: corner.pdb
Loaded PDB: edge1.pdb
Loaded PDB: edge2.pdb
Start Cube State:
CP: [6, 0, 1, 2, 5, 3, 4, 7]
CO: [1, 2, 1, 0, 0, 2, 1, 2]
EP: [4, 9, 1, 3, 7, 0, 8, 11, 6, 10, 2, 5]
EO: [1, 1, 1, 1, 0, 0, 1, 0, 0, 0, 1, 0]
Searching with threshold: 24
Searching with threshold: 25
Searching with threshold: 26
Searching with threshold: 27
Searching with threshold: 28
Searching with threshold: 29
Searching with threshold: 30
Solution written to testcases/solution08.txt
Initial State:
   YGG
   GOB
   OBB
ROWBOYOROYWB
GGGYWOYBRWYR
RBWBBGOYRGOG
   RYW
   WRR
   YWW

Applying solution: U U L L D D D B B B D D L R R R U U F F F U U U B B R R B B U U U D D R R U U B U U L L R R D D
VERIFICATION PASSED: Cube is solved.
Solving scramble09...
Loaded PDB: corner.pdb
Loaded PDB: edge1.pdb
Loaded PDB: edge2.pdb
Start Cube State:
CP: [1, 5, 0, 4, 2, 6, 3, 7]
CO: [0, 2, 2, 2, 1, 0, 1, 1]
EP: [11, 7, 5, 4, 0, 8, 2, 1, 10, 9, 6, 3]
EO: [0, 0, 1, 1, 0, 1, 1, 1, 0, 0, 0, 1]
Searching with threshold: 27
Searching with threshold: 28
Searching with threshold: 29
Searching with threshold: 30
Solution written to testcases/solution09.txt
Initial State:
   ORW
   GOY
   GBG
YWRWWOYGRBGB
OGYOWWRBOWYB
YOOBYBYBOWBR
   WRR
   GRR
   GYG

Applying solution: Timeout
VERIFICATION FAILED: Cube is NOT solved.
Final State:
   ORW
   GOY
   GBG
YWRWWOYGRBGB
OGYOWWRBOWYB
YOOBYBYBOWBR
   WRR
   GRR
   GYG

Solving scramble10...
Loaded PDB: corner.pdb
Loaded PDB: edge1.pdb
Loaded PDB: edge2.pdb
Start Cube State:
CP: [3, 0, 4, 5, 1, 6, 2, 7]
CO: [1, 1, 0, 0, 1, 0, 0, 0]
EP: [2, 10, 3, 9, 5, 0, 1, 4, 7, 8, 11, 6]
EO: [0, 0, 0, 0, 1, 1, 0, 0, 1, 0, 0, 1]
Searching with threshold: 27
Searching with threshold: 28
Searching with threshold: 29
Solution written to testcases/solution10.txt
Initial State:
   GOY
   ROR
   ROR
OBBWGWGYGOWW
GGWBWYOBBOYW
GYOYYBYWBWGY
   BGR
   BRR
   RRO

Applying solution: Timeout
VERIFICATION FAILED: Cube is NOT solved.
Final State:
   GOY
   ROR
   ROR
OBBWGWGYGOWW
GGWBWYOBBOYW
GYOYYBYWBWGY
   BGR
   BRR
   RRO

